# Directed graph (each unordered pair of nodes is saved once): test.snap
# Enron email network (edge indicated that email was exchanged, directed edges)
# Nodes: 6 Edges: 10
# FromNodeId	ToNodeId 
6 10
0 4
1 0
1 2
1 3
1 4
1 5
2 1
2 2
4 3
5 2
